[www.minamer.com.mx/index.html]
[backblue.gif]
[fade.gif]
[index.html]
[image.jimcdn.com/app/cms/image/transf/dimension=4096x4096_format=jpg/path/sc8497b8285030272/image/i9b86543812ba3a9f/version/1487142996/image.jpg]
[assets.jimstatic.com/ckies.js.6ba749c796f52a37720e.js]
[u.jimcdn.com/cms/o/sc8497b8285030272/layout/dm_c038fac182088c9a66d2104489da0a1e/css/layoutb249.css]
[assets.jimstatic.com/web.css.5198cf957ea1993c1524078bbd1a21c9.css]
[assets.jimstatic.com/web.js.9f4f6a7612079b0db1ca.js]
[image.jimcdn.com/app/cms/image/transf/dimension=401x10000_format=jpg/path/sc8497b8285030272/image/i7cd10b7877a3ed7d/version/1493925528/image.jpg]
[image.jimcdn.com/app/cms/image/transf/dimension=682x2048_format=jpg/path/sc8497b8285030272/image/i9b86543812ba3a9f/version/1487142996/image.jpg]
[www.minamer.com.mx/nosotros/index.html]
[image.jimcdn.com/app/cms/image/transf/dimension=682x2048_format=jpg/path/sc8497b8285030272/image/ia24dc66de132d995/version/1487142996/image.jpg]
[www.minamer.com.mx/contacto/index.html]
[www.minamer.com.mx/nosotros/ubicación/index.html]
[image.jimcdn.com/app/cms/image/transf/dimension=682x2048_format=jpg/path/sc8497b8285030272/image/iafc255a0963f6745/version/1487142996/image.jpg]
[www.minamer.com.mx/productos-y-servicios/index.html]
[image.jimcdn.com/app/cms/image/transf/dimension=682x2048_format=jpg/path/sc8497b8285030272/image/i15f3d10559aa24a9/version/1487142996/image.jpg]
[image.jimcdn.com/app/cms/image/transf/dimension=682x2048_format=jpg/path/sc8497b8285030272/image/i68da0cea071fd875/version/1487142996/image.jpg]
[image.jimcdn.com/app/cms/image/transf/dimension=682x2048_format=jpg/path/sc8497b8285030272/image/i17ab4cb02ca6fe72/version/1487142997/image.jpg]
[image.jimcdn.com/app/cms/image/transf/dimension=682x2048_format=jpg/path/sc8497b8285030272/image/id169da413c18f674/version/1487142997/image.jpg]
[image.jimcdn.com/app/cms/image/transf/dimension=682x2048_format=jpg/path/sc8497b8285030272/image/ia935103ab447a1d2/version/1487142997/image.jpg]
[image.jimcdn.com/app/cms/image/transf/dimension=682x2048_format=jpg/path/sc8497b8285030272/image/icf1641325005ee30/version/1493924585/image.jpg]
[image.jimcdn.com/app/cms/image/transf/dimension=682x2048_format=jpg/path/sc8497b8285030272/image/if27dd3e8a7f4fdf4/version/1493924585/image.jpg]
[image.jimcdn.com/app/cms/image/transf/dimension=682x2048_format=jpg/path/sc8497b8285030272/image/i6f70797f68bd0904/version/1493924585/image.jpg]
[image.jimcdn.com/app/cms/image/transf/dimension=682x2048_format=jpg/path/sc8497b8285030272/image/i36b720f8346255e6/version/1493924585/image.jpg]
[image.jimcdn.com/app/cms/image/transf/none/path/sc8497b8285030272/image/iac0150b3c95968b5/version/1493926208/image.jpg]
[image.jimcdn.com/app/cms/image/transf/dimension=682x2048_format=jpg/path/sc8497b8285030272/image/i70f2856ee583bc95/version/1493926208/image.jpg]
[image.jimcdn.com/app/cms/image/transf/dimension=682x2048_format=jpg/path/sc8497b8285030272/image/ia666dfe3388f7845/version/1493926208/image.jpg]
[image.jimcdn.com/app/cms/image/transf/none/path/sc8497b8285030272/image/if0e4776ebeb6329a/version/1493926208/image.jpg]
[www.minamer.com.mx/about/index.html]
[www.minamer.com.mx/j/privacy.html]
[www.minamer.com.mx/j/cookies/policy.html]
[www.google-analytics.com/ga.js]
[www.minamer.com.mx/index.html]
[u.jimcdn.com/cms/o/sc8497b8285030272/layout/dm_c038fac182088c9a66d2104489da0a1e/css/layoutb249.css]
[www.minamer.com.mx/sitemap/index.html]
[assets.jimstatic.com/38394ca16133f78363850eb0ebc16c36.eot]
[assets.jimstatic.com/38394ca16133f78363850eb0ebc16c36d41d.eot]
[assets.jimstatic.com/a984717a9f4ef00fa217fc58c3ff86a6.woff]
[assets.jimstatic.com/92d755b23dfbe5bd5ac566c8df9e7827.ttf]
[assets.jimstatic.com/f7b79a3d76e79248879a74cd4fadbb14.svg]
[assets.jimstatic.com/e1ca6e007c91d4ef9ee063940b504870.png]
[assets.jimstatic.com/d32401d55ec237cee50e487c6eefa908.gif]
[assets.jimstatic.com/9e4dc55ad6bdd8b8bafced6241dac621.png]
[assets.jimstatic.com/b257fa9c5ac8c515ac4d77a667ce2943.svg]
[assets.jimstatic.com/web.css.5198cf957ea1993c1524078bbd1a21c9.css]
[image.jimcdn.com/app/cms/image/transf/none/path/sc8497b8285030272/backgroundarea/i3e2608d273093d9a/version/1493925515/image.jpg]
[www.minamer.com.mx/nosotros/index.html]
[www.minamer.com.mx/nosotros/ubicación/index.html]
[image.jimcdn.com/app/cms/image/transf/dimension=1920x1024_format=jpg/path/sc8497b8285030272/image/i3bdf62b3cb08ed50/version/1493927146/image.jpg]
[image.jimcdn.com/app/cms/image/transf/dimension=391x1024_format=jpg/path/sc8497b8285030272/image/i3bdf62b3cb08ed50/version/1493927146/image.jpg]
[image.jimcdn.com/app/cms/image/transf/dimension=410x1024_format=jpg/path/sc8497b8285030272/image/iaea073e6f866f0d4/version/1493928336/image.jpg]
[image.jimcdn.com/app/cms/image/transf/none/path/sc8497b8285030272/image/i95598d18fab04814/version/1493928844/image.jpg]
[image.jimcdn.com/app/cms/image/transf/dimension=400x1024_format=jpg/path/sc8497b8285030272/image/i4e30282d290b0db3/version/1493929195/image.jpg]
[www.minamer.com.mx/productos-y-servicios/index.html]
[www.minamer.com.mx/contacto/index.html]
[assets2.jimstatic.com/s/img/cms/siteadmin/newlogostuff/jimdologo2015.png]
[www.minamer.com.mx/about/index.html]
[www.minamer.com.mx/j/privacy.html]
[www.minamer.com.mx/j/cookies/policy.html]
[www.minamer.com.mx/sitemap/index.html]
[assets.jimstatic.com/f7b79a3d76e79248879a74cd4fadbb14.svg]
[assets.jimstatic.com/b257fa9c5ac8c515ac4d77a667ce2943.svg]
[www.minamer.com.mx/j/cookies/settings.html]
[www.minamer.com.mx/j/cookies/settings.html]
[www.minamer.com.mx/j/cookies/settings/index.html]
[www.minamer.com.mx/j/cookies/settings/index.html]
